<?xml version="1.0" encoding="ISO-8859-1" ?>
<link_info>
   <banner>TMS320C2000 Linker PC v22.6.1.LTS</banner>
   <copyright>Copyright (c) 1996-2018 Texas Instruments Incorporated</copyright>
   <link_time>0x660e1c95</link_time>
   <link_errors>0x0</link_errors>
   <output_file>Control_Board_16Bit.out</output_file>
   <entry_point>
      <name>_c_int00</name>
      <address>0x88e2</address>
   </entry_point>
   <input_file_list>
      <input_file id="fl-2">
         <path>.\</path>
         <kind>object</kind>
         <file>F2837xD_CodeStartBranch.obj</file>
         <name>F2837xD_CodeStartBranch.obj</name>
      </input_file>
      <input_file id="fl-3">
         <path>.\</path>
         <kind>object</kind>
         <file>F2837xD_DefaultISR.obj</file>
         <name>F2837xD_DefaultISR.obj</name>
      </input_file>
      <input_file id="fl-4">
         <path>.\</path>
         <kind>object</kind>
         <file>F2837xD_GlobalVariableDefs.obj</file>
         <name>F2837xD_GlobalVariableDefs.obj</name>
      </input_file>
      <input_file id="fl-5">
         <path>.\</path>
         <kind>object</kind>
         <file>F2837xD_Gpio.obj</file>
         <name>F2837xD_Gpio.obj</name>
      </input_file>
      <input_file id="fl-6">
         <path>.\</path>
         <kind>object</kind>
         <file>F2837xD_PieCtrl.obj</file>
         <name>F2837xD_PieCtrl.obj</name>
      </input_file>
      <input_file id="fl-7">
         <path>.\</path>
         <kind>object</kind>
         <file>F2837xD_PieVect.obj</file>
         <name>F2837xD_PieVect.obj</name>
      </input_file>
      <input_file id="fl-8">
         <path>.\</path>
         <kind>object</kind>
         <file>F2837xD_SysCtrl.obj</file>
         <name>F2837xD_SysCtrl.obj</name>
      </input_file>
      <input_file id="fl-9">
         <path>.\</path>
         <kind>object</kind>
         <file>F2837xD_usDelay.obj</file>
         <name>F2837xD_usDelay.obj</name>
      </input_file>
      <input_file id="fl-a">
         <path>.\</path>
         <kind>object</kind>
         <file>OutPinsConfig.obj</file>
         <name>OutPinsConfig.obj</name>
      </input_file>
      <input_file id="fl-b">
         <path>.\</path>
         <kind>object</kind>
         <file>main.obj</file>
         <name>main.obj</name>
      </input_file>
      <input_file id="fl-c">
         <path>.\</path>
         <kind>object</kind>
         <file>uart.obj</file>
         <name>uart.obj</name>
      </input_file>
      <input_file id="fl-d">
         <path>.\device\</path>
         <kind>object</kind>
         <file>device.obj</file>
         <name>device.obj</name>
      </input_file>
      <input_file id="fl-13">
         <kind>object</kind>
         <file>&lt;internal&gt;</file>
         <name>&lt;internal&gt;</name>
      </input_file>
      <input_file id="fl-17">
         <path>C:\ti\C2000Ware_5_01_00_00\driverlib\f2837xd\driverlib\ccs\Debug\</path>
         <kind>archive</kind>
         <file>driverlib_coff.lib</file>
         <name>gpio.obj</name>
      </input_file>
      <input_file id="fl-18">
         <path>C:\ti\C2000Ware_5_01_00_00\driverlib\f2837xd\driverlib\ccs\Debug\</path>
         <kind>archive</kind>
         <file>driverlib_coff.lib</file>
         <name>sysctl.obj</name>
      </input_file>
      <input_file id="fl-24">
         <path>C:\ti\ccs1260\ccs\tools\compiler\ti-cgt-c2000_22.6.1.LTS\lib\</path>
         <kind>archive</kind>
         <file>rts2800_fpu32.lib</file>
         <name>boot28.asm.obj</name>
      </input_file>
      <input_file id="fl-25">
         <path>C:\ti\ccs1260\ccs\tools\compiler\ti-cgt-c2000_22.6.1.LTS\lib\</path>
         <kind>archive</kind>
         <file>rts2800_fpu32.lib</file>
         <name>fs_div28.asm.obj</name>
      </input_file>
      <input_file id="fl-26">
         <path>C:\ti\ccs1260\ccs\tools\compiler\ti-cgt-c2000_22.6.1.LTS\lib\</path>
         <kind>archive</kind>
         <file>rts2800_fpu32.lib</file>
         <name>cpy_tbl.c.obj</name>
      </input_file>
      <input_file id="fl-27">
         <path>C:\ti\ccs1260\ccs\tools\compiler\ti-cgt-c2000_22.6.1.LTS\lib\</path>
         <kind>archive</kind>
         <file>rts2800_fpu32.lib</file>
         <name>memcpy.c.obj</name>
      </input_file>
      <input_file id="fl-28">
         <path>C:\ti\ccs1260\ccs\tools\compiler\ti-cgt-c2000_22.6.1.LTS\lib\</path>
         <kind>archive</kind>
         <file>rts2800_fpu32.lib</file>
         <name>pre_init.c.obj</name>
      </input_file>
      <input_file id="fl-29">
         <path>C:\ti\ccs1260\ccs\tools\compiler\ti-cgt-c2000_22.6.1.LTS\lib\</path>
         <kind>archive</kind>
         <file>rts2800_fpu32.lib</file>
         <name>startup.c.obj</name>
      </input_file>
      <input_file id="fl-2a">
         <path>C:\ti\ccs1260\ccs\tools\compiler\ti-cgt-c2000_22.6.1.LTS\lib\</path>
         <kind>archive</kind>
         <file>rts2800_fpu32.lib</file>
         <name>exit.c.obj</name>
      </input_file>
      <input_file id="fl-2b">
         <path>C:\ti\ccs1260\ccs\tools\compiler\ti-cgt-c2000_22.6.1.LTS\lib\</path>
         <kind>archive</kind>
         <file>rts2800_fpu32.lib</file>
         <name>_lock.c.obj</name>
      </input_file>
      <input_file id="fl-2c">
         <path>C:\ti\ccs1260\ccs\tools\compiler\ti-cgt-c2000_22.6.1.LTS\lib\</path>
         <kind>archive</kind>
         <file>rts2800_fpu32.lib</file>
         <name>args_main.c.obj</name>
      </input_file>
   </input_file_list>
   <object_component_list>
      <object_component id="oc-93">
         <name>codestart</name>
         <load_address>0x0</load_address>
         <run_address>0x0</run_address>
         <size>0x2</size>
         <input_file_ref idref="fl-2"/>
      </object_component>
      <object_component id="oc-185">
         <name>.text</name>
         <load_address>0x8000</load_address>
         <run_address>0x8000</run_address>
         <size>0x4ab</size>
         <input_file_ref idref="fl-8"/>
      </object_component>
      <object_component id="oc-187">
         <name>.text</name>
         <load_address>0x84ab</load_address>
         <run_address>0x84ab</run_address>
         <size>0x15f</size>
         <input_file_ref idref="fl-a"/>
      </object_component>
      <object_component id="oc-182">
         <name>.text</name>
         <load_address>0x860a</load_address>
         <run_address>0x860a</run_address>
         <size>0x11e</size>
         <input_file_ref idref="fl-b"/>
      </object_component>
      <object_component id="oc-152">
         <name>.text</name>
         <load_address>0x8728</load_address>
         <run_address>0x8728</run_address>
         <size>0x88</size>
         <input_file_ref idref="fl-25"/>
      </object_component>
      <object_component id="oc-1b3">
         <name>.text</name>
         <load_address>0x87b0</load_address>
         <run_address>0x87b0</run_address>
         <size>0x28</size>
         <input_file_ref idref="fl-6"/>
      </object_component>
      <object_component id="oc-1b4">
         <name>.text</name>
         <load_address>0x87d8</load_address>
         <run_address>0x87d8</run_address>
         <size>0x26</size>
         <input_file_ref idref="fl-7"/>
      </object_component>
      <object_component id="oc-188">
         <name>.text</name>
         <load_address>0x8800</load_address>
         <run_address>0x8800</run_address>
         <size>0xe2</size>
         <input_file_ref idref="fl-c"/>
      </object_component>
      <object_component id="oc-91">
         <name>.text</name>
         <load_address>0x88e2</load_address>
         <run_address>0x88e2</run_address>
         <size>0x56</size>
         <input_file_ref idref="fl-24"/>
      </object_component>
      <object_component id="oc-17d">
         <name>.text</name>
         <load_address>0x8938</load_address>
         <run_address>0x8938</run_address>
         <size>0x24</size>
         <input_file_ref idref="fl-26"/>
      </object_component>
      <object_component id="oc-181">
         <name>.text</name>
         <load_address>0x895c</load_address>
         <run_address>0x895c</run_address>
         <size>0x1d</size>
         <input_file_ref idref="fl-27"/>
      </object_component>
      <object_component id="oc-17f">
         <name>.text</name>
         <load_address>0x8979</load_address>
         <run_address>0x8979</run_address>
         <size>0x12</size>
         <input_file_ref idref="fl-2c"/>
      </object_component>
      <object_component id="oc-92">
         <name>.text</name>
         <load_address>0x898b</load_address>
         <run_address>0x898b</run_address>
         <size>0x8</size>
         <input_file_ref idref="fl-2"/>
      </object_component>
      <object_component id="oc-99">
         <name>.text:retain</name>
         <load_address>0xb000</load_address>
         <run_address>0xb000</run_address>
         <size>0x585</size>
         <input_file_ref idref="fl-3"/>
      </object_component>
      <object_component id="oc-186">
         <name>.text</name>
         <load_address>0xb585</load_address>
         <run_address>0xb585</run_address>
         <size>0x244</size>
         <input_file_ref idref="fl-5"/>
      </object_component>
      <object_component id="oc-180">
         <name>.text</name>
         <load_address>0xb7c9</load_address>
         <run_address>0xb7c9</run_address>
         <size>0x29</size>
         <input_file_ref idref="fl-2a"/>
      </object_component>
      <object_component id="oc-1af">
         <name>.text</name>
         <load_address>0xb7f2</load_address>
         <run_address>0xb7f2</run_address>
         <size>0x9</size>
         <input_file_ref idref="fl-2b"/>
      </object_component>
      <object_component id="oc-17c">
         <name>.text</name>
         <load_address>0xb7fb</load_address>
         <run_address>0xb7fb</run_address>
         <size>0x2</size>
         <input_file_ref idref="fl-28"/>
      </object_component>
      <object_component id="oc-17e">
         <name>.text</name>
         <load_address>0xb7fd</load_address>
         <run_address>0xb7fd</run_address>
         <size>0x1</size>
         <input_file_ref idref="fl-29"/>
      </object_component>
      <object_component id="oc-18e">
         <name>.cinit:_uart_recv_buf</name>
         <load_address>0x123</load_address>
         <run_address>0x123</run_address>
         <size>0x55</size>
         <input_file_ref idref="fl-b"/>
      </object_component>
      <object_component id="oc-1b2">
         <name>.cinit:_OUTPUT</name>
         <load_address>0x178</load_address>
         <run_address>0x178</run_address>
         <size>0x2b</size>
         <input_file_ref idref="fl-b"/>
      </object_component>
      <object_component id="oc-138">
         <name>.cinit</name>
         <load_address>0x1a3</load_address>
         <run_address>0x1a3</run_address>
         <size>0xf</size>
         <input_file_ref idref="fl-d"/>
      </object_component>
      <object_component id="oc-16c">
         <name>.cinit</name>
         <load_address>0x1b2</load_address>
         <run_address>0x1b2</run_address>
         <size>0xe</size>
         <input_file_ref idref="fl-2a"/>
      </object_component>
      <object_component id="oc-1a2">
         <name>.cinit:_row_10_data_buf</name>
         <load_address>0x1c0</load_address>
         <run_address>0x1c0</run_address>
         <size>0x8</size>
         <input_file_ref idref="fl-b"/>
      </object_component>
      <object_component id="oc-1a4">
         <name>.cinit:_row_11_data_buf</name>
         <load_address>0x1c8</load_address>
         <run_address>0x1c8</run_address>
         <size>0x8</size>
         <input_file_ref idref="fl-b"/>
      </object_component>
      <object_component id="oc-1a6">
         <name>.cinit:_row_12_data_buf</name>
         <load_address>0x1d0</load_address>
         <run_address>0x1d0</run_address>
         <size>0x8</size>
         <input_file_ref idref="fl-b"/>
      </object_component>
      <object_component id="oc-1a8">
         <name>.cinit:_row_13_data_buf</name>
         <load_address>0x1d8</load_address>
         <run_address>0x1d8</run_address>
         <size>0x8</size>
         <input_file_ref idref="fl-b"/>
      </object_component>
      <object_component id="oc-1aa">
         <name>.cinit:_row_14_data_buf</name>
         <load_address>0x1e0</load_address>
         <run_address>0x1e0</run_address>
         <size>0x8</size>
         <input_file_ref idref="fl-b"/>
      </object_component>
      <object_component id="oc-1ac">
         <name>.cinit:_row_15_data_buf</name>
         <load_address>0x1e8</load_address>
         <run_address>0x1e8</run_address>
         <size>0x8</size>
         <input_file_ref idref="fl-b"/>
      </object_component>
      <object_component id="oc-1ae">
         <name>.cinit:_row_16_data_buf</name>
         <load_address>0x1f0</load_address>
         <run_address>0x1f0</run_address>
         <size>0x8</size>
         <input_file_ref idref="fl-b"/>
      </object_component>
      <object_component id="oc-190">
         <name>.cinit:_row_1_data_buf</name>
         <load_address>0x1f8</load_address>
         <run_address>0x1f8</run_address>
         <size>0x8</size>
         <input_file_ref idref="fl-b"/>
      </object_component>
      <object_component id="oc-192">
         <name>.cinit:_row_2_data_buf</name>
         <load_address>0x200</load_address>
         <run_address>0x200</run_address>
         <size>0x8</size>
         <input_file_ref idref="fl-b"/>
      </object_component>
      <object_component id="oc-194">
         <name>.cinit:_row_3_data_buf</name>
         <load_address>0x208</load_address>
         <run_address>0x208</run_address>
         <size>0x8</size>
         <input_file_ref idref="fl-b"/>
      </object_component>
      <object_component id="oc-196">
         <name>.cinit:_row_4_data_buf</name>
         <load_address>0x210</load_address>
         <run_address>0x210</run_address>
         <size>0x8</size>
         <input_file_ref idref="fl-b"/>
      </object_component>
      <object_component id="oc-198">
         <name>.cinit:_row_5_data_buf</name>
         <load_address>0x218</load_address>
         <run_address>0x218</run_address>
         <size>0x8</size>
         <input_file_ref idref="fl-b"/>
      </object_component>
      <object_component id="oc-19a">
         <name>.cinit:_row_6_data_buf</name>
         <load_address>0x220</load_address>
         <run_address>0x220</run_address>
         <size>0x8</size>
         <input_file_ref idref="fl-b"/>
      </object_component>
      <object_component id="oc-19c">
         <name>.cinit:_row_7_data_buf</name>
         <load_address>0x228</load_address>
         <run_address>0x228</run_address>
         <size>0x8</size>
         <input_file_ref idref="fl-b"/>
      </object_component>
      <object_component id="oc-19e">
         <name>.cinit:_row_8_data_buf</name>
         <load_address>0x230</load_address>
         <run_address>0x230</run_address>
         <size>0x8</size>
         <input_file_ref idref="fl-b"/>
      </object_component>
      <object_component id="oc-1a0">
         <name>.cinit:_row_9_data_buf</name>
         <load_address>0x238</load_address>
         <run_address>0x238</run_address>
         <size>0x8</size>
         <input_file_ref idref="fl-b"/>
      </object_component>
      <object_component id="oc-18c">
         <name>.cinit:_row_t_data_buf</name>
         <load_address>0x240</load_address>
         <run_address>0x240</run_address>
         <size>0x8</size>
         <input_file_ref idref="fl-b"/>
      </object_component>
      <object_component id="oc-18a">
         <name>.cinit:_row_tz_data_buf</name>
         <load_address>0x248</load_address>
         <run_address>0x248</run_address>
         <size>0x8</size>
         <input_file_ref idref="fl-b"/>
      </object_component>
      <object_component id="oc-184">
         <name>.cinit:__lock</name>
         <load_address>0x250</load_address>
         <run_address>0x250</run_address>
         <size>0x5</size>
         <input_file_ref idref="fl-2b"/>
      </object_component>
      <object_component id="oc-1b0">
         <name>.cinit:__unlock</name>
         <load_address>0x255</load_address>
         <run_address>0x255</run_address>
         <size>0x5</size>
         <input_file_ref idref="fl-2b"/>
      </object_component>
      <object_component id="oc-12a">
         <name>.cinit</name>
         <load_address>0x25a</load_address>
         <run_address>0x25a</run_address>
         <size>0x4</size>
         <input_file_ref idref="fl-b"/>
      </object_component>
      <object_component id="oc-14d">
         <name>.reset</name>
         <load_address>0x3fffc0</load_address>
         <run_address>0x3fffc0</run_address>
         <size>0x2</size>
         <input_file_ref idref="fl-24"/>
      </object_component>
      <object_component id="oc-14c">
         <name>.stack</name>
         <uninitialized>true</uninitialized>
         <run_address>0x400</run_address>
         <size>0x0</size>
         <input_file_ref idref="fl-24"/>
      </object_component>
      <object_component id="oc-24d">
         <name>.stack</name>
         <uninitialized>true</uninitialized>
         <run_address>0x400</run_address>
         <size>0x0</size>
      </object_component>
      <object_component id="oc-12b">
         <name>.ebss</name>
         <uninitialized>true</uninitialized>
         <run_address>0xac3f</run_address>
         <size>0x1</size>
         <input_file_ref idref="fl-b"/>
      </object_component>
      <object_component id="oc-18f">
         <name>.ebss:_row_1_data_buf</name>
         <uninitialized>true</uninitialized>
         <run_address>0xac35</run_address>
         <size>0x5</size>
         <input_file_ref idref="fl-b"/>
      </object_component>
      <object_component id="oc-191">
         <name>.ebss:_row_2_data_buf</name>
         <uninitialized>true</uninitialized>
         <run_address>0xac3a</run_address>
         <size>0x5</size>
         <input_file_ref idref="fl-b"/>
      </object_component>
      <object_component id="oc-193">
         <name>.ebss:_row_3_data_buf</name>
         <uninitialized>true</uninitialized>
         <run_address>0xac40</run_address>
         <size>0x5</size>
         <input_file_ref idref="fl-b"/>
      </object_component>
      <object_component id="oc-195">
         <name>.ebss:_row_4_data_buf</name>
         <uninitialized>true</uninitialized>
         <run_address>0xac45</run_address>
         <size>0x5</size>
         <input_file_ref idref="fl-b"/>
      </object_component>
      <object_component id="oc-197">
         <name>.ebss:_row_5_data_buf</name>
         <uninitialized>true</uninitialized>
         <run_address>0xac4a</run_address>
         <size>0x5</size>
         <input_file_ref idref="fl-b"/>
      </object_component>
      <object_component id="oc-199">
         <name>.ebss:_row_6_data_buf</name>
         <uninitialized>true</uninitialized>
         <run_address>0xac4f</run_address>
         <size>0x5</size>
         <input_file_ref idref="fl-b"/>
      </object_component>
      <object_component id="oc-19b">
         <name>.ebss:_row_7_data_buf</name>
         <uninitialized>true</uninitialized>
         <run_address>0xac54</run_address>
         <size>0x5</size>
         <input_file_ref idref="fl-b"/>
      </object_component>
      <object_component id="oc-19d">
         <name>.ebss:_row_8_data_buf</name>
         <uninitialized>true</uninitialized>
         <run_address>0xac59</run_address>
         <size>0x5</size>
         <input_file_ref idref="fl-b"/>
      </object_component>
      <object_component id="oc-19f">
         <name>.ebss:_row_9_data_buf</name>
         <uninitialized>true</uninitialized>
         <run_address>0xac5e</run_address>
         <size>0x5</size>
         <input_file_ref idref="fl-b"/>
      </object_component>
      <object_component id="oc-1a1">
         <name>.ebss:_row_10_data_buf</name>
         <uninitialized>true</uninitialized>
         <run_address>0xac12</run_address>
         <size>0x5</size>
         <input_file_ref idref="fl-b"/>
      </object_component>
      <object_component id="oc-1a3">
         <name>.ebss:_row_11_data_buf</name>
         <uninitialized>true</uninitialized>
         <run_address>0xac17</run_address>
         <size>0x5</size>
         <input_file_ref idref="fl-b"/>
      </object_component>
      <object_component id="oc-1a5">
         <name>.ebss:_row_12_data_buf</name>
         <uninitialized>true</uninitialized>
         <run_address>0xac1c</run_address>
         <size>0x5</size>
         <input_file_ref idref="fl-b"/>
      </object_component>
      <object_component id="oc-1a7">
         <name>.ebss:_row_13_data_buf</name>
         <uninitialized>true</uninitialized>
         <run_address>0xac21</run_address>
         <size>0x5</size>
         <input_file_ref idref="fl-b"/>
      </object_component>
      <object_component id="oc-1a9">
         <name>.ebss:_row_14_data_buf</name>
         <uninitialized>true</uninitialized>
         <run_address>0xac26</run_address>
         <size>0x5</size>
         <input_file_ref idref="fl-b"/>
      </object_component>
      <object_component id="oc-1ab">
         <name>.ebss:_row_15_data_buf</name>
         <uninitialized>true</uninitialized>
         <run_address>0xac2b</run_address>
         <size>0x5</size>
         <input_file_ref idref="fl-b"/>
      </object_component>
      <object_component id="oc-1ad">
         <name>.ebss:_row_16_data_buf</name>
         <uninitialized>true</uninitialized>
         <run_address>0xac30</run_address>
         <size>0x5</size>
         <input_file_ref idref="fl-b"/>
      </object_component>
      <object_component id="oc-18b">
         <name>.ebss:_row_t_data_buf</name>
         <uninitialized>true</uninitialized>
         <run_address>0xac63</run_address>
         <size>0x5</size>
         <input_file_ref idref="fl-b"/>
      </object_component>
      <object_component id="oc-189">
         <name>.ebss:_row_tz_data_buf</name>
         <uninitialized>true</uninitialized>
         <run_address>0xac68</run_address>
         <size>0x5</size>
         <input_file_ref idref="fl-b"/>
      </object_component>
      <object_component id="oc-1b1">
         <name>.ebss:_OUTPUT</name>
         <uninitialized>true</uninitialized>
         <run_address>0xab88</run_address>
         <size>0x28</size>
         <input_file_ref idref="fl-b"/>
      </object_component>
      <object_component id="oc-18d">
         <name>.ebss:_uart_recv_buf</name>
         <uninitialized>true</uninitialized>
         <run_address>0xabc0</run_address>
         <size>0x52</size>
         <input_file_ref idref="fl-b"/>
      </object_component>
      <object_component id="oc-131">
         <name>.ebss</name>
         <uninitialized>true</uninitialized>
         <run_address>0xabbc</run_address>
         <size>0x4</size>
         <input_file_ref idref="fl-c"/>
      </object_component>
      <object_component id="oc-139">
         <name>.ebss</name>
         <uninitialized>true</uninitialized>
         <run_address>0xabb0</run_address>
         <size>0x6</size>
         <input_file_ref idref="fl-d"/>
      </object_component>
      <object_component id="oc-16d">
         <name>.ebss</name>
         <uninitialized>true</uninitialized>
         <run_address>0xabb6</run_address>
         <size>0x6</size>
         <input_file_ref idref="fl-2a"/>
      </object_component>
      <object_component id="oc-183">
         <name>.ebss:__lock</name>
         <uninitialized>true</uninitialized>
         <run_address>0xac6e</run_address>
         <size>0x2</size>
         <input_file_ref idref="fl-2b"/>
      </object_component>
      <object_component id="oc-1b5">
         <name>.ebss:__unlock</name>
         <uninitialized>true</uninitialized>
         <run_address>0xac70</run_address>
         <size>0x2</size>
         <input_file_ref idref="fl-2b"/>
      </object_component>
      <object_component id="oc-1b6">
         <name>.econst:_PieVectTableInit</name>
         <load_address>0xa800</load_address>
         <run_address>0xa800</run_address>
         <size>0x1c0</size>
         <input_file_ref idref="fl-7"/>
      </object_component>
      <object_component id="oc-147">
         <name>.econst:.string</name>
         <load_address>0xa9c0</load_address>
         <run_address>0xa9c0</run_address>
         <size>0xc2</size>
         <input_file_ref idref="fl-18"/>
      </object_component>
      <object_component id="oc-140">
         <name>.econst:.string</name>
         <load_address>0xaa82</load_address>
         <run_address>0xaa82</run_address>
         <size>0xbc</size>
         <input_file_ref idref="fl-17"/>
      </object_component>
      <object_component id="oc-132">
         <name>.econst:.string</name>
         <load_address>0xab3e</load_address>
         <run_address>0xab3e</run_address>
         <size>0x35</size>
         <input_file_ref idref="fl-c"/>
      </object_component>
      <object_component id="oc-13a">
         <name>.econst:.string</name>
         <load_address>0xab74</load_address>
         <run_address>0xab74</run_address>
         <size>0x13</size>
         <input_file_ref idref="fl-d"/>
      </object_component>
      <object_component id="oc-11f">
         <name>.TI.ramfunc</name>
         <load_address>0x260</load_address>
         <run_address>0x260</run_address>
         <size>0x4</size>
         <input_file_ref idref="fl-9"/>
      </object_component>
      <object_component id="oc-146">
         <name>.TI.ramfunc</name>
         <load_address>0x264</load_address>
         <run_address>0x264</run_address>
         <size>0x4</size>
         <input_file_ref idref="fl-18"/>
      </object_component>
      <object_component id="oc-109">
         <name>PieVectTableFile</name>
         <uninitialized>true</uninitialized>
         <run_address>0xd00</run_address>
         <size>0x1c0</size>
         <input_file_ref idref="fl-4"/>
      </object_component>
      <object_component id="oc-d9">
         <name>AccessProtectionRegsFile</name>
         <uninitialized>true</uninitialized>
         <run_address>0x5f4c0</run_address>
         <size>0x2e</size>
         <input_file_ref idref="fl-4"/>
      </object_component>
      <object_component id="oc-ee">
         <name>AdcaRegsFile</name>
         <uninitialized>true</uninitialized>
         <run_address>0x7400</run_address>
         <size>0x7c</size>
         <input_file_ref idref="fl-4"/>
      </object_component>
      <object_component id="oc-ef">
         <name>AdcbRegsFile</name>
         <uninitialized>true</uninitialized>
         <run_address>0x7480</run_address>
         <size>0x7c</size>
         <input_file_ref idref="fl-4"/>
      </object_component>
      <object_component id="oc-f0">
         <name>AdccRegsFile</name>
         <uninitialized>true</uninitialized>
         <run_address>0x7500</run_address>
         <size>0x7c</size>
         <input_file_ref idref="fl-4"/>
      </object_component>
      <object_component id="oc-f1">
         <name>AdcdRegsFile</name>
         <uninitialized>true</uninitialized>
         <run_address>0x7580</run_address>
         <size>0x7c</size>
         <input_file_ref idref="fl-4"/>
      </object_component>
      <object_component id="oc-b6">
         <name>AdcaResultRegsFile</name>
         <uninitialized>true</uninitialized>
         <run_address>0xb00</run_address>
         <size>0x18</size>
         <input_file_ref idref="fl-4"/>
      </object_component>
      <object_component id="oc-b7">
         <name>AdcbResultRegsFile</name>
         <uninitialized>true</uninitialized>
         <run_address>0xb20</run_address>
         <size>0x18</size>
         <input_file_ref idref="fl-4"/>
      </object_component>
      <object_component id="oc-b8">
         <name>AdccResultRegsFile</name>
         <uninitialized>true</uninitialized>
         <run_address>0xb40</run_address>
         <size>0x18</size>
         <input_file_ref idref="fl-4"/>
      </object_component>
      <object_component id="oc-b9">
         <name>AdcdResultRegsFile</name>
         <uninitialized>true</uninitialized>
         <run_address>0xb60</run_address>
         <size>0x18</size>
         <input_file_ref idref="fl-4"/>
      </object_component>
      <object_component id="oc-dd">
         <name>AnalogSubsysRegsFile</name>
         <uninitialized>true</uninitialized>
         <run_address>0x5d180</run_address>
         <size>0x3e</size>
         <input_file_ref idref="fl-4"/>
      </object_component>
      <object_component id="oc-105">
         <name>CanaRegsFile</name>
         <uninitialized>true</uninitialized>
         <run_address>0x48000</run_address>
         <size>0x164</size>
         <input_file_ref idref="fl-4"/>
      </object_component>
      <object_component id="oc-106">
         <name>CanbRegsFile</name>
         <uninitialized>true</uninitialized>
         <run_address>0x4a000</run_address>
         <size>0x164</size>
         <input_file_ref idref="fl-4"/>
      </object_component>
      <object_component id="oc-de">
         <name>Cla1RegsFile</name>
         <uninitialized>true</uninitialized>
         <run_address>0x1400</run_address>
         <size>0x3e</size>
         <input_file_ref idref="fl-4"/>
      </object_component>
      <object_component id="oc-100">
         <name>Clb1DataExchRegsFile</name>
         <uninitialized>true</uninitialized>
         <run_address>0x3200</run_address>
         <size>0x108</size>
         <input_file_ref idref="fl-4"/>
      </object_component>
      <object_component id="oc-101">
         <name>Clb2DataExchRegsFile</name>
         <uninitialized>true</uninitialized>
         <run_address>0x3600</run_address>
         <size>0x108</size>
         <input_file_ref idref="fl-4"/>
      </object_component>
      <object_component id="oc-102">
         <name>Clb3DataExchRegsFile</name>
         <uninitialized>true</uninitialized>
         <run_address>0x3a00</run_address>
         <size>0x108</size>
         <input_file_ref idref="fl-4"/>
      </object_component>
      <object_component id="oc-103">
         <name>Clb4DataExchRegsFile</name>
         <uninitialized>true</uninitialized>
         <run_address>0x3e00</run_address>
         <size>0x108</size>
         <input_file_ref idref="fl-4"/>
      </object_component>
      <object_component id="oc-df">
         <name>Clb1LogicCfgRegsFile</name>
         <uninitialized>true</uninitialized>
         <run_address>0x3000</run_address>
         <size>0x3e</size>
         <input_file_ref idref="fl-4"/>
      </object_component>
      <object_component id="oc-e0">
         <name>Clb2LogicCfgRegsFile</name>
         <uninitialized>true</uninitialized>
         <run_address>0x3400</run_address>
         <size>0x3e</size>
         <input_file_ref idref="fl-4"/>
      </object_component>
      <object_component id="oc-e1">
         <name>Clb3LogicCfgRegsFile</name>
         <uninitialized>true</uninitialized>
         <run_address>0x3800</run_address>
         <size>0x3e</size>
         <input_file_ref idref="fl-4"/>
      </object_component>
      <object_component id="oc-e2">
         <name>Clb4LogicCfgRegsFile</name>
         <uninitialized>true</uninitialized>
         <run_address>0x3c00</run_address>
         <size>0x3e</size>
         <input_file_ref idref="fl-4"/>
      </object_component>
      <object_component id="oc-e3">
         <name>Clb1LogicCtrlRegsFile</name>
         <uninitialized>true</uninitialized>
         <run_address>0x3100</run_address>
         <size>0x40</size>
         <input_file_ref idref="fl-4"/>
      </object_component>
      <object_component id="oc-e4">
         <name>Clb2LogicCtrlRegsFile</name>
         <uninitialized>true</uninitialized>
         <run_address>0x3500</run_address>
         <size>0x40</size>
         <input_file_ref idref="fl-4"/>
      </object_component>
      <object_component id="oc-e5">
         <name>Clb3LogicCtrlRegsFile</name>
         <uninitialized>true</uninitialized>
         <run_address>0x3900</run_address>
         <size>0x40</size>
         <input_file_ref idref="fl-4"/>
      </object_component>
      <object_component id="oc-e6">
         <name>Clb4LogicCtrlRegsFile</name>
         <uninitialized>true</uninitialized>
         <run_address>0x3d00</run_address>
         <size>0x40</size>
         <input_file_ref idref="fl-4"/>
      </object_component>
      <object_component id="oc-e7">
         <name>ClbXbarRegsFile</name>
         <uninitialized>true</uninitialized>
         <run_address>0x7a40</run_address>
         <size>0x40</size>
         <input_file_ref idref="fl-4"/>
      </object_component>
      <object_component id="oc-db">
         <name>ClkCfgRegsFile</name>
         <uninitialized>true</uninitialized>
         <run_address>0x5d200</run_address>
         <size>0x32</size>
         <input_file_ref idref="fl-4"/>
      </object_component>
      <object_component id="oc-c2">
         <name>Cmpss1RegsFile</name>
         <uninitialized>true</uninitialized>
         <run_address>0x5c80</run_address>
         <size>0x1b</size>
         <input_file_ref idref="fl-4"/>
      </object_component>
      <object_component id="oc-c3">
         <name>Cmpss2RegsFile</name>
         <uninitialized>true</uninitialized>
         <run_address>0x5ca0</run_address>
         <size>0x1b</size>
         <input_file_ref idref="fl-4"/>
      </object_component>
      <object_component id="oc-c4">
         <name>Cmpss3RegsFile</name>
         <uninitialized>true</uninitialized>
         <run_address>0x5cc0</run_address>
         <size>0x1b</size>
         <input_file_ref idref="fl-4"/>
      </object_component>
      <object_component id="oc-c5">
         <name>Cmpss4RegsFile</name>
         <uninitialized>true</uninitialized>
         <run_address>0x5ce0</run_address>
         <size>0x1b</size>
         <input_file_ref idref="fl-4"/>
      </object_component>
      <object_component id="oc-c6">
         <name>Cmpss5RegsFile</name>
         <uninitialized>true</uninitialized>
         <run_address>0x5d00</run_address>
         <size>0x1b</size>
         <input_file_ref idref="fl-4"/>
      </object_component>
      <object_component id="oc-c7">
         <name>Cmpss6RegsFile</name>
         <uninitialized>true</uninitialized>
         <run_address>0x5d20</run_address>
         <size>0x1b</size>
         <input_file_ref idref="fl-4"/>
      </object_component>
      <object_component id="oc-c8">
         <name>Cmpss7RegsFile</name>
         <uninitialized>true</uninitialized>
         <run_address>0x5d40</run_address>
         <size>0x1b</size>
         <input_file_ref idref="fl-4"/>
      </object_component>
      <object_component id="oc-c9">
         <name>Cmpss8RegsFile</name>
         <uninitialized>true</uninitialized>
         <run_address>0x5d60</run_address>
         <size>0x1b</size>
         <input_file_ref idref="fl-4"/>
      </object_component>
      <object_component id="oc-a8">
         <name>CpuTimer0RegsFile</name>
         <uninitialized>true</uninitialized>
         <run_address>0xc00</run_address>
         <size>0x8</size>
         <input_file_ref idref="fl-4"/>
      </object_component>
      <object_component id="oc-a9">
         <name>CpuTimer1RegsFile</name>
         <uninitialized>true</uninitialized>
         <run_address>0xc08</run_address>
         <size>0x8</size>
         <input_file_ref idref="fl-4"/>
      </object_component>
      <object_component id="oc-aa">
         <name>CpuTimer2RegsFile</name>
         <uninitialized>true</uninitialized>
         <run_address>0xc10</run_address>
         <size>0x8</size>
         <input_file_ref idref="fl-4"/>
      </object_component>
      <object_component id="oc-f2">
         <name>CpuSysRegsFile</name>
         <uninitialized>true</uninitialized>
         <run_address>0x5d300</run_address>
         <size>0x82</size>
         <input_file_ref idref="fl-4"/>
      </object_component>
      <object_component id="oc-a4">
         <name>DacaRegsFile</name>
         <uninitialized>true</uninitialized>
         <run_address>0x5c00</run_address>
         <size>0x7</size>
         <input_file_ref idref="fl-4"/>
      </object_component>
      <object_component id="oc-a5">
         <name>DacbRegsFile</name>
         <uninitialized>true</uninitialized>
         <run_address>0x5c10</run_address>
         <size>0x7</size>
         <input_file_ref idref="fl-4"/>
      </object_component>
      <object_component id="oc-a6">
         <name>DaccRegsFile</name>
         <uninitialized>true</uninitialized>
         <run_address>0x5c20</run_address>
         <size>0x7</size>
         <input_file_ref idref="fl-4"/>
      </object_component>
      <object_component id="oc-a2">
         <name>DcsmCommonRegsFile</name>
         <uninitialized>true</uninitialized>
         <run_address>0x5f070</run_address>
         <size>0x6</size>
         <input_file_ref idref="fl-4"/>
      </object_component>
      <object_component id="oc-cb">
         <name>DcsmZ1RegsFile</name>
         <uninitialized>true</uninitialized>
         <run_address>0x5f000</run_address>
         <size>0x22</size>
         <input_file_ref idref="fl-4"/>
      </object_component>
      <object_component id="oc-cc">
         <name>DcsmZ2RegsFile</name>
         <uninitialized>true</uninitialized>
         <run_address>0x5f040</run_address>
         <size>0x22</size>
         <input_file_ref idref="fl-4"/>
      </object_component>
      <object_component id="oc-104">
         <name>DevCfgRegsFile</name>
         <uninitialized>true</uninitialized>
         <run_address>0x5d000</run_address>
         <size>0x12e</size>
         <input_file_ref idref="fl-4"/>
      </object_component>
      <object_component id="oc-ba">
         <name>DmaClaSrcSelRegsFile</name>
         <uninitialized>true</uninitialized>
         <run_address>0x7980</run_address>
         <size>0x1a</size>
         <input_file_ref idref="fl-4"/>
      </object_component>
      <object_component id="oc-f3">
         <name>DmaRegsFile</name>
         <uninitialized>true</uninitialized>
         <run_address>0x1000</run_address>
         <size>0xe0</size>
         <input_file_ref idref="fl-4"/>
      </object_component>
      <object_component id="oc-bb">
         <name>ECap1RegsFile</name>
         <uninitialized>true</uninitialized>
         <run_address>0x5000</run_address>
         <size>0x1a</size>
         <input_file_ref idref="fl-4"/>
      </object_component>
      <object_component id="oc-bc">
         <name>ECap2RegsFile</name>
         <uninitialized>true</uninitialized>
         <run_address>0x5020</run_address>
         <size>0x1a</size>
         <input_file_ref idref="fl-4"/>
      </object_component>
      <object_component id="oc-bd">
         <name>ECap3RegsFile</name>
         <uninitialized>true</uninitialized>
         <run_address>0x5040</run_address>
         <size>0x1a</size>
         <input_file_ref idref="fl-4"/>
      </object_component>
      <object_component id="oc-be">
         <name>ECap4RegsFile</name>
         <uninitialized>true</uninitialized>
         <run_address>0x5060</run_address>
         <size>0x1a</size>
         <input_file_ref idref="fl-4"/>
      </object_component>
      <object_component id="oc-bf">
         <name>ECap5RegsFile</name>
         <uninitialized>true</uninitialized>
         <run_address>0x5080</run_address>
         <size>0x1a</size>
         <input_file_ref idref="fl-4"/>
      </object_component>
      <object_component id="oc-c0">
         <name>ECap6RegsFile</name>
         <uninitialized>true</uninitialized>
         <run_address>0x50a0</run_address>
         <size>0x1a</size>
         <input_file_ref idref="fl-4"/>
      </object_component>
      <object_component id="oc-ab">
         <name>Emif1ConfigRegsFile</name>
         <uninitialized>true</uninitialized>
         <run_address>0x5f480</run_address>
         <size>0xa</size>
         <input_file_ref idref="fl-4"/>
      </object_component>
      <object_component id="oc-ac">
         <name>Emif2ConfigRegsFile</name>
         <uninitialized>true</uninitialized>
         <run_address>0x5f4a0</run_address>
         <size>0xa</size>
         <input_file_ref idref="fl-4"/>
      </object_component>
      <object_component id="oc-d5">
         <name>Emif1RegsFile</name>
         <uninitialized>true</uninitialized>
         <run_address>0x47000</run_address>
         <size>0x28</size>
         <input_file_ref idref="fl-4"/>
      </object_component>
      <object_component id="oc-d6">
         <name>Emif2RegsFile</name>
         <uninitialized>true</uninitialized>
         <run_address>0x47800</run_address>
         <size>0x28</size>
         <input_file_ref idref="fl-4"/>
      </object_component>
      <object_component id="oc-f4">
         <name>EPwm1RegsFile</name>
         <uninitialized>true</uninitialized>
         <run_address>0x4000</run_address>
         <size>0x100</size>
         <input_file_ref idref="fl-4"/>
      </object_component>
      <object_component id="oc-f5">
         <name>EPwm2RegsFile</name>
         <uninitialized>true</uninitialized>
         <run_address>0x4100</run_address>
         <size>0x100</size>
         <input_file_ref idref="fl-4"/>
      </object_component>
      <object_component id="oc-f6">
         <name>EPwm3RegsFile</name>
         <uninitialized>true</uninitialized>
         <run_address>0x4200</run_address>
         <size>0x100</size>
         <input_file_ref idref="fl-4"/>
      </object_component>
      <object_component id="oc-f7">
         <name>EPwm4RegsFile</name>
         <uninitialized>true</uninitialized>
         <run_address>0x4300</run_address>
         <size>0x100</size>
         <input_file_ref idref="fl-4"/>
      </object_component>
      <object_component id="oc-f8">
         <name>EPwm5RegsFile</name>
         <uninitialized>true</uninitialized>
         <run_address>0x4400</run_address>
         <size>0x100</size>
         <input_file_ref idref="fl-4"/>
      </object_component>
      <object_component id="oc-f9">
         <name>EPwm6RegsFile</name>
         <uninitialized>true</uninitialized>
         <run_address>0x4500</run_address>
         <size>0x100</size>
         <input_file_ref idref="fl-4"/>
      </object_component>
      <object_component id="oc-fa">
         <name>EPwm7RegsFile</name>
         <uninitialized>true</uninitialized>
         <run_address>0x4600</run_address>
         <size>0x100</size>
         <input_file_ref idref="fl-4"/>
      </object_component>
      <object_component id="oc-fb">
         <name>EPwm8RegsFile</name>
         <uninitialized>true</uninitialized>
         <run_address>0x4700</run_address>
         <size>0x100</size>
         <input_file_ref idref="fl-4"/>
      </object_component>
      <object_component id="oc-fc">
         <name>EPwm9RegsFile</name>
         <uninitialized>true</uninitialized>
         <run_address>0x4800</run_address>
         <size>0x100</size>
         <input_file_ref idref="fl-4"/>
      </object_component>
      <object_component id="oc-fd">
         <name>EPwm10RegsFile</name>
         <uninitialized>true</uninitialized>
         <run_address>0x4900</run_address>
         <size>0x100</size>
         <input_file_ref idref="fl-4"/>
      </object_component>
      <object_component id="oc-fe">
         <name>EPwm11RegsFile</name>
         <uninitialized>true</uninitialized>
         <run_address>0x4a00</run_address>
         <size>0x100</size>
         <input_file_ref idref="fl-4"/>
      </object_component>
      <object_component id="oc-ff">
         <name>EPwm12RegsFile</name>
         <uninitialized>true</uninitialized>
         <run_address>0x4b00</run_address>
         <size>0x100</size>
         <input_file_ref idref="fl-4"/>
      </object_component>
      <object_component id="oc-e8">
         <name>EPwmXbarRegsFile</name>
         <uninitialized>true</uninitialized>
         <run_address>0x7a00</run_address>
         <size>0x40</size>
         <input_file_ref idref="fl-4"/>
      </object_component>
      <object_component id="oc-cd">
         <name>EQep1RegsFile</name>
         <uninitialized>true</uninitialized>
         <run_address>0x5100</run_address>
         <size>0x22</size>
         <input_file_ref idref="fl-4"/>
      </object_component>
      <object_component id="oc-ce">
         <name>EQep2RegsFile</name>
         <uninitialized>true</uninitialized>
         <run_address>0x5140</run_address>
         <size>0x22</size>
         <input_file_ref idref="fl-4"/>
      </object_component>
      <object_component id="oc-cf">
         <name>EQep3RegsFile</name>
         <uninitialized>true</uninitialized>
         <run_address>0x5180</run_address>
         <size>0x22</size>
         <input_file_ref idref="fl-4"/>
      </object_component>
      <object_component id="oc-108">
         <name>Flash0CtrlRegsFile</name>
         <uninitialized>true</uninitialized>
         <run_address>0x5f800</run_address>
         <size>0x182</size>
         <input_file_ref idref="fl-4"/>
      </object_component>
      <object_component id="oc-d7">
         <name>Flash0EccRegsFile</name>
         <uninitialized>true</uninitialized>
         <run_address>0x5fb00</run_address>
         <size>0x28</size>
         <input_file_ref idref="fl-4"/>
      </object_component>
      <object_component id="oc-9f">
         <name>FlashPumpSemaphoreRegsFile</name>
         <uninitialized>true</uninitialized>
         <run_address>0x50024</run_address>
         <size>0x2</size>
         <input_file_ref idref="fl-4"/>
      </object_component>
      <object_component id="oc-107">
         <name>GpioCtrlRegsFile</name>
         <uninitialized>true</uninitialized>
         <run_address>0x7c00</run_address>
         <size>0x180</size>
         <input_file_ref idref="fl-4"/>
      </object_component>
      <object_component id="oc-da">
         <name>GpioDataRegsFile</name>
         <uninitialized>true</uninitialized>
         <run_address>0x7f00</run_address>
         <size>0x30</size>
         <input_file_ref idref="fl-4"/>
      </object_component>
      <object_component id="oc-d0">
         <name>I2caRegsFile</name>
         <uninitialized>true</uninitialized>
         <run_address>0x7300</run_address>
         <size>0x22</size>
         <input_file_ref idref="fl-4"/>
      </object_component>
      <object_component id="oc-d1">
         <name>I2cbRegsFile</name>
         <uninitialized>true</uninitialized>
         <run_address>0x7340</run_address>
         <size>0x22</size>
         <input_file_ref idref="fl-4"/>
      </object_component>
      <object_component id="oc-ca">
         <name>InputXbarRegsFile</name>
         <uninitialized>true</uninitialized>
         <run_address>0x7900</run_address>
         <size>0x20</size>
         <input_file_ref idref="fl-4"/>
      </object_component>
      <object_component id="oc-d2">
         <name>IpcRegsFile</name>
         <uninitialized>true</uninitialized>
         <run_address>0x50000</run_address>
         <size>0x24</size>
         <input_file_ref idref="fl-4"/>
      </object_component>
      <object_component id="oc-dc">
         <name>MemoryErrorRegsFile</name>
         <uninitialized>true</uninitialized>
         <run_address>0x5f500</run_address>
         <size>0x3a</size>
         <input_file_ref idref="fl-4"/>
      </object_component>
      <object_component id="oc-ed">
         <name>MemCfgRegsFile</name>
         <uninitialized>true</uninitialized>
         <run_address>0x5f400</run_address>
         <size>0x76</size>
         <input_file_ref idref="fl-4"/>
      </object_component>
      <object_component id="oc-d3">
         <name>McbspaRegsFile</name>
         <uninitialized>true</uninitialized>
         <run_address>0x6000</run_address>
         <size>0x24</size>
         <input_file_ref idref="fl-4"/>
      </object_component>
      <object_component id="oc-d4">
         <name>McbspbRegsFile</name>
         <uninitialized>true</uninitialized>
         <run_address>0x6040</run_address>
         <size>0x24</size>
         <input_file_ref idref="fl-4"/>
      </object_component>
      <object_component id="oc-a7">
         <name>NmiIntruptRegsFile</name>
         <uninitialized>true</uninitialized>
         <run_address>0x7060</run_address>
         <size>0x7</size>
         <input_file_ref idref="fl-4"/>
      </object_component>
      <object_component id="oc-e9">
         <name>OutputXbarRegsFile</name>
         <uninitialized>true</uninitialized>
         <run_address>0x7a80</run_address>
         <size>0x40</size>
         <input_file_ref idref="fl-4"/>
      </object_component>
      <object_component id="oc-c1">
         <name>PieCtrlRegsFile</name>
         <uninitialized>true</uninitialized>
         <run_address>0xce0</run_address>
         <size>0x1a</size>
         <input_file_ref idref="fl-4"/>
      </object_component>
      <object_component id="oc-a0">
         <name>RomPrefetchRegsFile</name>
         <uninitialized>true</uninitialized>
         <run_address>0x5e608</run_address>
         <size>0x2</size>
         <input_file_ref idref="fl-4"/>
      </object_component>
      <object_component id="oc-a1">
         <name>RomWaitStateRegsFile</name>
         <uninitialized>true</uninitialized>
         <run_address>0x5f540</run_address>
         <size>0x2</size>
         <input_file_ref idref="fl-4"/>
      </object_component>
      <object_component id="oc-af">
         <name>SciaRegsFile</name>
         <uninitialized>true</uninitialized>
         <run_address>0x7200</run_address>
         <size>0x10</size>
         <input_file_ref idref="fl-4"/>
      </object_component>
      <object_component id="oc-b0">
         <name>ScibRegsFile</name>
         <uninitialized>true</uninitialized>
         <run_address>0x7210</run_address>
         <size>0x10</size>
         <input_file_ref idref="fl-4"/>
      </object_component>
      <object_component id="oc-b1">
         <name>ScicRegsFile</name>
         <uninitialized>true</uninitialized>
         <run_address>0x7220</run_address>
         <size>0x10</size>
         <input_file_ref idref="fl-4"/>
      </object_component>
      <object_component id="oc-b2">
         <name>ScidRegsFile</name>
         <uninitialized>true</uninitialized>
         <run_address>0x7230</run_address>
         <size>0x10</size>
         <input_file_ref idref="fl-4"/>
      </object_component>
      <object_component id="oc-ea">
         <name>Sdfm1RegsFile</name>
         <uninitialized>true</uninitialized>
         <run_address>0x5e00</run_address>
         <size>0x48</size>
         <input_file_ref idref="fl-4"/>
      </object_component>
      <object_component id="oc-eb">
         <name>Sdfm2RegsFile</name>
         <uninitialized>true</uninitialized>
         <run_address>0x5e80</run_address>
         <size>0x48</size>
         <input_file_ref idref="fl-4"/>
      </object_component>
      <object_component id="oc-b3">
         <name>SpiaRegsFile</name>
         <uninitialized>true</uninitialized>
         <run_address>0x6100</run_address>
         <size>0x10</size>
         <input_file_ref idref="fl-4"/>
      </object_component>
      <object_component id="oc-b4">
         <name>SpibRegsFile</name>
         <uninitialized>true</uninitialized>
         <run_address>0x6110</run_address>
         <size>0x10</size>
         <input_file_ref idref="fl-4"/>
      </object_component>
      <object_component id="oc-b5">
         <name>SpicRegsFile</name>
         <uninitialized>true</uninitialized>
         <run_address>0x6120</run_address>
         <size>0x10</size>
         <input_file_ref idref="fl-4"/>
      </object_component>
      <object_component id="oc-a3">
         <name>SyncSocRegsFile</name>
         <uninitialized>true</uninitialized>
         <run_address>0x7940</run_address>
         <size>0x6</size>
         <input_file_ref idref="fl-4"/>
      </object_component>
      <object_component id="oc-ec">
         <name>UppRegsFile</name>
         <uninitialized>true</uninitialized>
         <run_address>0x6200</run_address>
         <size>0x48</size>
         <input_file_ref idref="fl-4"/>
      </object_component>
      <object_component id="oc-d8">
         <name>WdRegsFile</name>
         <uninitialized>true</uninitialized>
         <run_address>0x7000</run_address>
         <size>0x2b</size>
         <input_file_ref idref="fl-4"/>
      </object_component>
      <object_component id="oc-ae">
         <name>XbarRegsFile</name>
         <uninitialized>true</uninitialized>
         <run_address>0x7920</run_address>
         <size>0xe</size>
         <input_file_ref idref="fl-4"/>
      </object_component>
      <object_component id="oc-ad">
         <name>XintRegsFile</name>
         <uninitialized>true</uninitialized>
         <run_address>0x7070</run_address>
         <size>0xb</size>
         <input_file_ref idref="fl-4"/>
      </object_component>
      <object_component id="oc-94">
         <name>.debug_line</name>
         <load_address>0x0</load_address>
         <run_address>0x0</run_address>
         <size>0x63</size>
         <input_file_ref idref="fl-2"/>
      </object_component>
      <object_component id="oc-9b">
         <name>.debug_line</name>
         <load_address>0x63</load_address>
         <run_address>0x63</run_address>
         <size>0xcdf</size>
         <input_file_ref idref="fl-3"/>
      </object_component>
      <object_component id="oc-10d">
         <name>.debug_line</name>
         <load_address>0xd42</load_address>
         <run_address>0xd42</run_address>
         <size>0x23d</size>
         <input_file_ref idref="fl-5"/>
      </object_component>
      <object_component id="oc-112">
         <name>.debug_line</name>
         <load_address>0xf7f</load_address>
         <run_address>0xf7f</run_address>
         <size>0x87</size>
         <input_file_ref idref="fl-6"/>
      </object_component>
      <object_component id="oc-117">
         <name>.debug_line</name>
         <load_address>0x1006</load_address>
         <run_address>0x1006</run_address>
         <size>0x69</size>
         <input_file_ref idref="fl-7"/>
      </object_component>
      <object_component id="oc-11c">
         <name>.debug_line</name>
         <load_address>0x106f</load_address>
         <run_address>0x106f</run_address>
         <size>0x543</size>
         <input_file_ref idref="fl-8"/>
      </object_component>
      <object_component id="oc-120">
         <name>.debug_line</name>
         <load_address>0x15b2</load_address>
         <run_address>0x15b2</run_address>
         <size>0x4a</size>
         <input_file_ref idref="fl-9"/>
      </object_component>
      <object_component id="oc-126">
         <name>.debug_line</name>
         <load_address>0x15fc</load_address>
         <run_address>0x15fc</run_address>
         <size>0x15b</size>
         <input_file_ref idref="fl-a"/>
      </object_component>
      <object_component id="oc-12d">
         <name>.debug_line</name>
         <load_address>0x1757</load_address>
         <run_address>0x1757</run_address>
         <size>0xc2</size>
         <input_file_ref idref="fl-b"/>
      </object_component>
      <object_component id="oc-134">
         <name>.debug_line</name>
         <load_address>0x1819</load_address>
         <run_address>0x1819</run_address>
         <size>0x139</size>
         <input_file_ref idref="fl-c"/>
      </object_component>
      <object_component id="oc-13c">
         <name>.debug_line</name>
         <load_address>0x1952</load_address>
         <run_address>0x1952</run_address>
         <size>0xb7</size>
         <input_file_ref idref="fl-d"/>
      </object_component>
      <object_component id="oc-142">
         <name>.debug_line</name>
         <load_address>0x1a09</load_address>
         <run_address>0x1a09</run_address>
         <size>0x140</size>
         <input_file_ref idref="fl-17"/>
      </object_component>
      <object_component id="oc-149">
         <name>.debug_line</name>
         <load_address>0x1b49</load_address>
         <run_address>0x1b49</run_address>
         <size>0x148</size>
         <input_file_ref idref="fl-18"/>
      </object_component>
      <object_component id="oc-14f">
         <name>.debug_line</name>
         <load_address>0x1c91</load_address>
         <run_address>0x1c91</run_address>
         <size>0x7e</size>
         <input_file_ref idref="fl-24"/>
      </object_component>
      <object_component id="oc-154">
         <name>.debug_line</name>
         <load_address>0x1d0f</load_address>
         <run_address>0x1d0f</run_address>
         <size>0xad</size>
         <input_file_ref idref="fl-25"/>
      </object_component>
      <object_component id="oc-159">
         <name>.debug_line</name>
         <load_address>0x1dbc</load_address>
         <run_address>0x1dbc</run_address>
         <size>0x50</size>
         <input_file_ref idref="fl-26"/>
      </object_component>
      <object_component id="oc-15e">
         <name>.debug_line</name>
         <load_address>0x1e0c</load_address>
         <run_address>0x1e0c</run_address>
         <size>0x62</size>
         <input_file_ref idref="fl-27"/>
      </object_component>
      <object_component id="oc-163">
         <name>.debug_line</name>
         <load_address>0x1e6e</load_address>
         <run_address>0x1e6e</run_address>
         <size>0x3e</size>
         <input_file_ref idref="fl-28"/>
      </object_component>
      <object_component id="oc-168">
         <name>.debug_line</name>
         <load_address>0x1eac</load_address>
         <run_address>0x1eac</run_address>
         <size>0x3a</size>
         <input_file_ref idref="fl-29"/>
      </object_component>
      <object_component id="oc-16f">
         <name>.debug_line</name>
         <load_address>0x1ee6</load_address>
         <run_address>0x1ee6</run_address>
         <size>0x65</size>
         <input_file_ref idref="fl-2a"/>
      </object_component>
      <object_component id="oc-174">
         <name>.debug_line</name>
         <load_address>0x1f4b</load_address>
         <run_address>0x1f4b</run_address>
         <size>0x5e</size>
         <input_file_ref idref="fl-2b"/>
      </object_component>
      <object_component id="oc-179">
         <name>.debug_line</name>
         <load_address>0x1fa9</load_address>
         <run_address>0x1fa9</run_address>
         <size>0x4f</size>
         <input_file_ref idref="fl-2c"/>
      </object_component>
      <object_component id="oc-95">
         <name>.debug_info</name>
         <load_address>0x0</load_address>
         <run_address>0x0</run_address>
         <size>0x12c</size>
         <input_file_ref idref="fl-2"/>
      </object_component>
      <object_component id="oc-98">
         <name>.debug_info</name>
         <load_address>0x12c</load_address>
         <run_address>0x12c</run_address>
         <size>0x34de</size>
         <input_file_ref idref="fl-3"/>
      </object_component>
      <object_component id="oc-9e">
         <name>.debug_info</name>
         <load_address>0x360a</load_address>
         <run_address>0x360a</run_address>
         <size>0x572ec</size>
         <input_file_ref idref="fl-4"/>
      </object_component>
      <object_component id="oc-10b">
         <name>.debug_info</name>
         <load_address>0x5a8f6</load_address>
         <run_address>0x5a8f6</run_address>
         <size>0x19f65</size>
         <input_file_ref idref="fl-5"/>
      </object_component>
      <object_component id="oc-110">
         <name>.debug_info</name>
         <load_address>0x7485b</load_address>
         <run_address>0x7485b</run_address>
         <size>0x354f</size>
         <input_file_ref idref="fl-6"/>
      </object_component>
      <object_component id="oc-115">
         <name>.debug_info</name>
         <load_address>0x77daa</load_address>
         <run_address>0x77daa</run_address>
         <size>0x6715</size>
         <input_file_ref idref="fl-7"/>
      </object_component>
      <object_component id="oc-11a">
         <name>.debug_info</name>
         <load_address>0x7e4bf</load_address>
         <run_address>0x7e4bf</run_address>
         <size>0xcb87</size>
         <input_file_ref idref="fl-8"/>
      </object_component>
      <object_component id="oc-121">
         <name>.debug_info</name>
         <load_address>0x8b046</load_address>
         <run_address>0x8b046</run_address>
         <size>0xf6</size>
         <input_file_ref idref="fl-9"/>
      </object_component>
      <object_component id="oc-124">
         <name>.debug_info</name>
         <load_address>0x8b13c</load_address>
         <run_address>0x8b13c</run_address>
         <size>0xb68</size>
         <input_file_ref idref="fl-a"/>
      </object_component>
      <object_component id="oc-129">
         <name>.debug_info</name>
         <load_address>0x8bca4</load_address>
         <run_address>0x8bca4</run_address>
         <size>0x933</size>
         <input_file_ref idref="fl-b"/>
      </object_component>
      <object_component id="oc-130">
         <name>.debug_info</name>
         <load_address>0x8c5d7</load_address>
         <run_address>0x8c5d7</run_address>
         <size>0x1591</size>
         <input_file_ref idref="fl-c"/>
      </object_component>
      <object_component id="oc-137">
         <name>.debug_info</name>
         <load_address>0x8db68</load_address>
         <run_address>0x8db68</run_address>
         <size>0x11aa</size>
         <input_file_ref idref="fl-d"/>
      </object_component>
      <object_component id="oc-13f">
         <name>.debug_info</name>
         <load_address>0x8ed12</load_address>
         <run_address>0x8ed12</run_address>
         <size>0x6f2</size>
         <input_file_ref idref="fl-17"/>
      </object_component>
      <object_component id="oc-145">
         <name>.debug_info</name>
         <load_address>0x8f404</load_address>
         <run_address>0x8f404</run_address>
         <size>0x6a4</size>
         <input_file_ref idref="fl-18"/>
      </object_component>
      <object_component id="oc-14e">
         <name>.debug_info</name>
         <load_address>0x8faa8</load_address>
         <run_address>0x8faa8</run_address>
         <size>0x173</size>
         <input_file_ref idref="fl-24"/>
      </object_component>
      <object_component id="oc-153">
         <name>.debug_info</name>
         <load_address>0x8fc1b</load_address>
         <run_address>0x8fc1b</run_address>
         <size>0x114</size>
         <input_file_ref idref="fl-25"/>
      </object_component>
      <object_component id="oc-157">
         <name>.debug_info</name>
         <load_address>0x8fd2f</load_address>
         <run_address>0x8fd2f</run_address>
         <size>0x561</size>
         <input_file_ref idref="fl-26"/>
      </object_component>
      <object_component id="oc-15c">
         <name>.debug_info</name>
         <load_address>0x90290</load_address>
         <run_address>0x90290</run_address>
         <size>0x43a</size>
         <input_file_ref idref="fl-27"/>
      </object_component>
      <object_component id="oc-161">
         <name>.debug_info</name>
         <load_address>0x906ca</load_address>
         <run_address>0x906ca</run_address>
         <size>0x3ad</size>
         <input_file_ref idref="fl-28"/>
      </object_component>
      <object_component id="oc-166">
         <name>.debug_info</name>
         <load_address>0x90a77</load_address>
         <run_address>0x90a77</run_address>
         <size>0x3aa</size>
         <input_file_ref idref="fl-29"/>
      </object_component>
      <object_component id="oc-16b">
         <name>.debug_info</name>
         <load_address>0x90e21</load_address>
         <run_address>0x90e21</run_address>
         <size>0x544</size>
         <input_file_ref idref="fl-2a"/>
      </object_component>
      <object_component id="oc-172">
         <name>.debug_info</name>
         <load_address>0x91365</load_address>
         <run_address>0x91365</run_address>
         <size>0x4cc</size>
         <input_file_ref idref="fl-2b"/>
      </object_component>
      <object_component id="oc-177">
         <name>.debug_info</name>
         <load_address>0x91831</load_address>
         <run_address>0x91831</run_address>
         <size>0x467</size>
         <input_file_ref idref="fl-2c"/>
      </object_component>
      <object_component id="oc-251">
         <name>.debug_info</name>
         <load_address>0x91c98</load_address>
         <run_address>0x91c98</run_address>
         <size>0xb0</size>
      </object_component>
      <object_component id="oc-96">
         <name>.debug_abbrev</name>
         <load_address>0x0</load_address>
         <run_address>0x0</run_address>
         <size>0x21</size>
         <input_file_ref idref="fl-2"/>
      </object_component>
      <object_component id="oc-9c">
         <name>.debug_abbrev</name>
         <load_address>0x21</load_address>
         <run_address>0x21</run_address>
         <size>0xb6</size>
         <input_file_ref idref="fl-3"/>
      </object_component>
      <object_component id="oc-10a">
         <name>.debug_abbrev</name>
         <load_address>0xd7</load_address>
         <run_address>0xd7</run_address>
         <size>0xcb</size>
         <input_file_ref idref="fl-4"/>
      </object_component>
      <object_component id="oc-10e">
         <name>.debug_abbrev</name>
         <load_address>0x1a2</load_address>
         <run_address>0x1a2</run_address>
         <size>0x191</size>
         <input_file_ref idref="fl-5"/>
      </object_component>
      <object_component id="oc-113">
         <name>.debug_abbrev</name>
         <load_address>0x333</load_address>
         <run_address>0x333</run_address>
         <size>0xc8</size>
         <input_file_ref idref="fl-6"/>
      </object_component>
      <object_component id="oc-118">
         <name>.debug_abbrev</name>
         <load_address>0x3fb</load_address>
         <run_address>0x3fb</run_address>
         <size>0x116</size>
         <input_file_ref idref="fl-7"/>
      </object_component>
      <object_component id="oc-11d">
         <name>.debug_abbrev</name>
         <load_address>0x511</load_address>
         <run_address>0x511</run_address>
         <size>0x1c4</size>
         <input_file_ref idref="fl-8"/>
      </object_component>
      <object_component id="oc-122">
         <name>.debug_abbrev</name>
         <load_address>0x6d5</load_address>
         <run_address>0x6d5</run_address>
         <size>0x2f</size>
         <input_file_ref idref="fl-9"/>
      </object_component>
      <object_component id="oc-127">
         <name>.debug_abbrev</name>
         <load_address>0x704</load_address>
         <run_address>0x704</run_address>
         <size>0xdc</size>
         <input_file_ref idref="fl-a"/>
      </object_component>
      <object_component id="oc-12e">
         <name>.debug_abbrev</name>
         <load_address>0x7e0</load_address>
         <run_address>0x7e0</run_address>
         <size>0x105</size>
         <input_file_ref idref="fl-b"/>
      </object_component>
      <object_component id="oc-135">
         <name>.debug_abbrev</name>
         <load_address>0x8e5</load_address>
         <run_address>0x8e5</run_address>
         <size>0x16d</size>
         <input_file_ref idref="fl-c"/>
      </object_component>
      <object_component id="oc-13d">
         <name>.debug_abbrev</name>
         <load_address>0xa52</load_address>
         <run_address>0xa52</run_address>
         <size>0x1b5</size>
         <input_file_ref idref="fl-d"/>
      </object_component>
      <object_component id="oc-143">
         <name>.debug_abbrev</name>
         <load_address>0xc07</load_address>
         <run_address>0xc07</run_address>
         <size>0x1cf</size>
         <input_file_ref idref="fl-17"/>
      </object_component>
      <object_component id="oc-14a">
         <name>.debug_abbrev</name>
         <load_address>0xdd6</load_address>
         <run_address>0xdd6</run_address>
         <size>0x1e9</size>
         <input_file_ref idref="fl-18"/>
      </object_component>
      <object_component id="oc-150">
         <name>.debug_abbrev</name>
         <load_address>0xfbf</load_address>
         <run_address>0xfbf</run_address>
         <size>0x46</size>
         <input_file_ref idref="fl-24"/>
      </object_component>
      <object_component id="oc-155">
         <name>.debug_abbrev</name>
         <load_address>0x1005</load_address>
         <run_address>0x1005</run_address>
         <size>0x38</size>
         <input_file_ref idref="fl-25"/>
      </object_component>
      <object_component id="oc-15a">
         <name>.debug_abbrev</name>
         <load_address>0x103d</load_address>
         <run_address>0x103d</run_address>
         <size>0xe3</size>
         <input_file_ref idref="fl-26"/>
      </object_component>
      <object_component id="oc-15f">
         <name>.debug_abbrev</name>
         <load_address>0x1120</load_address>
         <run_address>0x1120</run_address>
         <size>0xa8</size>
         <input_file_ref idref="fl-27"/>
      </object_component>
      <object_component id="oc-164">
         <name>.debug_abbrev</name>
         <load_address>0x11c8</load_address>
         <run_address>0x11c8</run_address>
         <size>0x68</size>
         <input_file_ref idref="fl-28"/>
      </object_component>
      <object_component id="oc-169">
         <name>.debug_abbrev</name>
         <load_address>0x1230</load_address>
         <run_address>0x1230</run_address>
         <size>0x66</size>
         <input_file_ref idref="fl-29"/>
      </object_component>
      <object_component id="oc-170">
         <name>.debug_abbrev</name>
         <load_address>0x1296</load_address>
         <run_address>0x1296</run_address>
         <size>0x130</size>
         <input_file_ref idref="fl-2a"/>
      </object_component>
      <object_component id="oc-175">
         <name>.debug_abbrev</name>
         <load_address>0x13c6</load_address>
         <run_address>0x13c6</run_address>
         <size>0xb2</size>
         <input_file_ref idref="fl-2b"/>
      </object_component>
      <object_component id="oc-17a">
         <name>.debug_abbrev</name>
         <load_address>0x1478</load_address>
         <run_address>0x1478</run_address>
         <size>0xee</size>
         <input_file_ref idref="fl-2c"/>
      </object_component>
      <object_component id="oc-252">
         <name>.debug_abbrev</name>
         <load_address>0x1566</load_address>
         <run_address>0x1566</run_address>
         <size>0xf</size>
      </object_component>
      <object_component id="oc-97">
         <name>.debug_aranges</name>
         <load_address>0x0</load_address>
         <run_address>0x0</run_address>
         <size>0x28</size>
         <input_file_ref idref="fl-2"/>
      </object_component>
      <object_component id="oc-9d">
         <name>.debug_aranges</name>
         <load_address>0x28</load_address>
         <run_address>0x28</run_address>
         <size>0x480</size>
         <input_file_ref idref="fl-3"/>
      </object_component>
      <object_component id="oc-10f">
         <name>.debug_aranges</name>
         <load_address>0x4a8</load_address>
         <run_address>0x4a8</run_address>
         <size>0x88</size>
         <input_file_ref idref="fl-5"/>
      </object_component>
      <object_component id="oc-114">
         <name>.debug_aranges</name>
         <load_address>0x530</load_address>
         <run_address>0x530</run_address>
         <size>0x28</size>
         <input_file_ref idref="fl-6"/>
      </object_component>
      <object_component id="oc-119">
         <name>.debug_aranges</name>
         <load_address>0x558</load_address>
         <run_address>0x558</run_address>
         <size>0x20</size>
         <input_file_ref idref="fl-7"/>
      </object_component>
      <object_component id="oc-11e">
         <name>.debug_aranges</name>
         <load_address>0x578</load_address>
         <run_address>0x578</run_address>
         <size>0xc0</size>
         <input_file_ref idref="fl-8"/>
      </object_component>
      <object_component id="oc-123">
         <name>.debug_aranges</name>
         <load_address>0x638</load_address>
         <run_address>0x638</run_address>
         <size>0x20</size>
         <input_file_ref idref="fl-9"/>
      </object_component>
      <object_component id="oc-128">
         <name>.debug_aranges</name>
         <load_address>0x658</load_address>
         <run_address>0x658</run_address>
         <size>0x58</size>
         <input_file_ref idref="fl-a"/>
      </object_component>
      <object_component id="oc-12f">
         <name>.debug_aranges</name>
         <load_address>0x6b0</load_address>
         <run_address>0x6b0</run_address>
         <size>0x28</size>
         <input_file_ref idref="fl-b"/>
      </object_component>
      <object_component id="oc-136">
         <name>.debug_aranges</name>
         <load_address>0x6d8</load_address>
         <run_address>0x6d8</run_address>
         <size>0x50</size>
         <input_file_ref idref="fl-c"/>
      </object_component>
      <object_component id="oc-13e">
         <name>.debug_aranges</name>
         <load_address>0x728</load_address>
         <run_address>0x728</run_address>
         <size>0x18</size>
         <input_file_ref idref="fl-d"/>
      </object_component>
      <object_component id="oc-144">
         <name>.debug_aranges</name>
         <load_address>0x740</load_address>
         <run_address>0x740</run_address>
         <size>0x18</size>
         <input_file_ref idref="fl-17"/>
      </object_component>
      <object_component id="oc-14b">
         <name>.debug_aranges</name>
         <load_address>0x758</load_address>
         <run_address>0x758</run_address>
         <size>0x18</size>
         <input_file_ref idref="fl-18"/>
      </object_component>
      <object_component id="oc-151">
         <name>.debug_aranges</name>
         <load_address>0x770</load_address>
         <run_address>0x770</run_address>
         <size>0x20</size>
         <input_file_ref idref="fl-24"/>
      </object_component>
      <object_component id="oc-156">
         <name>.debug_aranges</name>
         <load_address>0x790</load_address>
         <run_address>0x790</run_address>
         <size>0x20</size>
         <input_file_ref idref="fl-25"/>
      </object_component>
      <object_component id="oc-15b">
         <name>.debug_aranges</name>
         <load_address>0x7b0</load_address>
         <run_address>0x7b0</run_address>
         <size>0x20</size>
         <input_file_ref idref="fl-26"/>
      </object_component>
      <object_component id="oc-160">
         <name>.debug_aranges</name>
         <load_address>0x7d0</load_address>
         <run_address>0x7d0</run_address>
         <size>0x20</size>
         <input_file_ref idref="fl-27"/>
      </object_component>
      <object_component id="oc-165">
         <name>.debug_aranges</name>
         <load_address>0x7f0</load_address>
         <run_address>0x7f0</run_address>
         <size>0x20</size>
         <input_file_ref idref="fl-28"/>
      </object_component>
      <object_component id="oc-16a">
         <name>.debug_aranges</name>
         <load_address>0x810</load_address>
         <run_address>0x810</run_address>
         <size>0x20</size>
         <input_file_ref idref="fl-29"/>
      </object_component>
      <object_component id="oc-171">
         <name>.debug_aranges</name>
         <load_address>0x830</load_address>
         <run_address>0x830</run_address>
         <size>0x28</size>
         <input_file_ref idref="fl-2a"/>
      </object_component>
      <object_component id="oc-176">
         <name>.debug_aranges</name>
         <load_address>0x858</load_address>
         <run_address>0x858</run_address>
         <size>0x30</size>
         <input_file_ref idref="fl-2b"/>
      </object_component>
      <object_component id="oc-17b">
         <name>.debug_aranges</name>
         <load_address>0x888</load_address>
         <run_address>0x888</run_address>
         <size>0x20</size>
         <input_file_ref idref="fl-2c"/>
      </object_component>
      <object_component id="oc-9a">
         <name>.debug_frame</name>
         <load_address>0x0</load_address>
         <run_address>0x0</run_address>
         <size>0x11d0</size>
         <input_file_ref idref="fl-3"/>
      </object_component>
      <object_component id="oc-10c">
         <name>.debug_frame</name>
         <load_address>0x11d0</load_address>
         <run_address>0x11d0</run_address>
         <size>0x1a8</size>
         <input_file_ref idref="fl-5"/>
      </object_component>
      <object_component id="oc-111">
         <name>.debug_frame</name>
         <load_address>0x1378</load_address>
         <run_address>0x1378</run_address>
         <size>0x58</size>
         <input_file_ref idref="fl-6"/>
      </object_component>
      <object_component id="oc-116">
         <name>.debug_frame</name>
         <load_address>0x13d0</load_address>
         <run_address>0x13d0</run_address>
         <size>0x44</size>
         <input_file_ref idref="fl-7"/>
      </object_component>
      <object_component id="oc-11b">
         <name>.debug_frame</name>
         <load_address>0x1414</load_address>
         <run_address>0x1414</run_address>
         <size>0x238</size>
         <input_file_ref idref="fl-8"/>
      </object_component>
      <object_component id="oc-125">
         <name>.debug_frame</name>
         <load_address>0x164c</load_address>
         <run_address>0x164c</run_address>
         <size>0xf4</size>
[...]
         <value>0x3000</value>
         <object_component_ref idref="oc-df"/>
      </symbol>
      <symbol id="sm-427">
         <name>_AdccResultRegs</name>
         <value>0xb40</value>
         <object_component_ref idref="oc-b8"/>
      </symbol>
      <symbol id="sm-428">
         <name>_Emif1ConfigRegs</name>
         <value>0x5f480</value>
         <object_component_ref idref="oc-ab"/>
      </symbol>
      <symbol id="sm-429">
         <name>_Sdfm2Regs</name>
         <value>0x5e80</value>
         <object_component_ref idref="oc-eb"/>
      </symbol>
      <symbol id="sm-42a">
         <name>_AdcdResultRegs</name>
         <value>0xb60</value>
         <object_component_ref idref="oc-b9"/>
      </symbol>
      <symbol id="sm-42b">
         <name>_EQep2Regs</name>
         <value>0x5140</value>
         <object_component_ref idref="oc-ce"/>
      </symbol>
      <symbol id="sm-42c">
         <name>_Cmpss1Regs</name>
         <value>0x5c80</value>
         <object_component_ref idref="oc-c2"/>
      </symbol>
      <symbol id="sm-42d">
         <name>_EPwm8Regs</name>
         <value>0x4700</value>
         <object_component_ref idref="oc-fb"/>
      </symbol>
      <symbol id="sm-42e">
         <name>_Emif2ConfigRegs</name>
         <value>0x5f4a0</value>
         <object_component_ref idref="oc-ac"/>
      </symbol>
      <symbol id="sm-42f">
         <name>_DcsmCommonRegs</name>
         <value>0x5f070</value>
         <object_component_ref idref="oc-a2"/>
      </symbol>
      <symbol id="sm-430">
         <name>_EPwm2Regs</name>
         <value>0x4100</value>
         <object_component_ref idref="oc-f5"/>
      </symbol>
      <symbol id="sm-431">
         <name>_ECap3Regs</name>
         <value>0x5040</value>
         <object_component_ref idref="oc-bd"/>
      </symbol>
      <symbol id="sm-432">
         <name>_Cmpss8Regs</name>
         <value>0x5d60</value>
         <object_component_ref idref="oc-c9"/>
      </symbol>
      <symbol id="sm-433">
         <name>_EQep3Regs</name>
         <value>0x5180</value>
         <object_component_ref idref="oc-cf"/>
      </symbol>
      <symbol id="sm-434">
         <name>_SyncSocRegs</name>
         <value>0x7940</value>
         <object_component_ref idref="oc-a3"/>
      </symbol>
      <symbol id="sm-435">
         <name>_EPwm9Regs</name>
         <value>0x4800</value>
         <object_component_ref idref="oc-fc"/>
      </symbol>
      <symbol id="sm-436">
         <name>_NmiIntruptRegs</name>
         <value>0x7060</value>
         <object_component_ref idref="oc-a7"/>
      </symbol>
      <symbol id="sm-437">
         <name>_EPwm3Regs</name>
         <value>0x4200</value>
         <object_component_ref idref="oc-f6"/>
      </symbol>
      <symbol id="sm-438">
         <name>_I2caRegs</name>
         <value>0x7300</value>
         <object_component_ref idref="oc-d0"/>
      </symbol>
      <symbol id="sm-45a">
         <name>_GPIO_SetupLock</name>
         <value>0xb6e5</value>
         <object_component_ref idref="oc-186"/>
      </symbol>
      <symbol id="sm-45c">
         <name>_GPIO_SetupXINT4Gpio</name>
         <value>0xb72c</value>
         <object_component_ref idref="oc-186"/>
      </symbol>
      <symbol id="sm-45e">
         <name>_InitGpio</name>
         <value>0xb585</value>
         <object_component_ref idref="oc-186"/>
      </symbol>
      <symbol id="sm-460">
         <name>_GPIO_SetupXINT5Gpio</name>
         <value>0xb736</value>
         <object_component_ref idref="oc-186"/>
      </symbol>
      <symbol id="sm-462">
         <name>_GPIO_EnableUnbondedIOPullupsFor176Pin</name>
         <value>0xb740</value>
         <object_component_ref idref="oc-186"/>
      </symbol>
      <symbol id="sm-464">
         <name>_GPIO_SetupXINT2Gpio</name>
         <value>0xb718</value>
         <object_component_ref idref="oc-186"/>
      </symbol>
      <symbol id="sm-466">
         <name>_GPIO_SetupXINT3Gpio</name>
         <value>0xb722</value>
         <object_component_ref idref="oc-186"/>
      </symbol>
      <symbol id="sm-468">
         <name>_GPIO_WritePin</name>
         <value>0xb7ab</value>
         <object_component_ref idref="oc-186"/>
      </symbol>
      <symbol id="sm-46a">
         <name>_GPIO_SetupPinOptions</name>
         <value>0xb651</value>
         <object_component_ref idref="oc-186"/>
      </symbol>
      <symbol id="sm-46c">
         <name>_GPIO_EnableUnbondedIOPullups</name>
         <value>0xb77e</value>
         <object_component_ref idref="oc-186"/>
      </symbol>
      <symbol id="sm-46e">
         <name>_GPIO_SetupXINT1Gpio</name>
         <value>0xb70e</value>
         <object_component_ref idref="oc-186"/>
      </symbol>
      <symbol id="sm-470">
         <name>_GPIO_SetupPinMux</name>
         <value>0xb5c5</value>
         <object_component_ref idref="oc-186"/>
      </symbol>
      <symbol id="sm-472">
         <name>_GPIO_EnableUnbondedIOPullupsFor100Pin</name>
         <value>0xb759</value>
         <object_component_ref idref="oc-186"/>
      </symbol>
      <symbol id="sm-474">
         <name>_GPIO_ReadPin</name>
         <value>0xb794</value>
         <object_component_ref idref="oc-186"/>
      </symbol>
      <symbol id="sm-481">
         <name>_InitPieCtrl</name>
         <value>0x87b0</value>
         <object_component_ref idref="oc-1b3"/>
      </symbol>
      <symbol id="sm-483">
         <name>_EnableInterrupts</name>
         <value>0x87cf</value>
         <object_component_ref idref="oc-1b3"/>
      </symbol>
      <symbol id="sm-494">
         <name>_PieVectTableInit</name>
         <value>0xa800</value>
         <object_component_ref idref="oc-1b6"/>
      </symbol>
      <symbol id="sm-495">
         <name>_InitPieVectTable</name>
         <value>0x87d8</value>
         <object_component_ref idref="oc-1b4"/>
      </symbol>
      <symbol id="sm-4d9">
         <name>_InitSysPll</name>
         <value>0x80f1</value>
         <object_component_ref idref="oc-185"/>
      </symbol>
      <symbol id="sm-4db">
         <name>_SeizeFlashPump</name>
         <value>0x80bc</value>
         <object_component_ref idref="oc-185"/>
      </symbol>
      <symbol id="sm-4dd">
         <name>_DisablePeripheralClocks</name>
         <value>0x80a4</value>
         <object_component_ref idref="oc-185"/>
      </symbol>
      <symbol id="sm-4df">
         <name>_DisableDog</name>
         <value>0x80e3</value>
         <object_component_ref idref="oc-185"/>
      </symbol>
      <symbol id="sm-4e1">
         <name>_SysIntOsc2Sel</name>
         <value>0x8400</value>
         <object_component_ref idref="oc-185"/>
      </symbol>
      <symbol id="sm-4e3">
         <name>_ReleaseFlashPump</name>
         <value>0x80cb</value>
         <object_component_ref idref="oc-185"/>
      </symbol>
      <symbol id="sm-4e5">
         <name>_HALT</name>
         <value>0x8458</value>
         <object_component_ref idref="oc-185"/>
      </symbol>
      <symbol id="sm-4e7">
         <name>_IDLE</name>
         <value>0x8444</value>
         <object_component_ref idref="oc-185"/>
      </symbol>
      <symbol id="sm-4e9">
         <name>_InitPeripheralClocks</name>
         <value>0x8020</value>
         <object_component_ref idref="oc-185"/>
      </symbol>
      <symbol id="sm-4eb">
         <name>_SysXtalOscSel</name>
         <value>0x8414</value>
         <object_component_ref idref="oc-185"/>
      </symbol>
      <symbol id="sm-4ed">
         <name>_ConfigureTMXAnalogTrim</name>
         <value>0x848e</value>
         <object_component_ref idref="oc-185"/>
      </symbol>
      <symbol id="sm-4ef">
         <name>_CsmUnlock</name>
         <value>0x83cf</value>
         <object_component_ref idref="oc-185"/>
      </symbol>
      <symbol id="sm-4f1">
         <name>_SysIntOsc1Sel</name>
         <value>0x83f0</value>
         <object_component_ref idref="oc-185"/>
      </symbol>
      <symbol id="sm-4f3">
         <name>_ServiceDog</name>
         <value>0x80d5</value>
         <object_component_ref idref="oc-185"/>
      </symbol>
      <symbol id="sm-4f5">
         <name>_HIB</name>
         <value>0x8471</value>
         <object_component_ref idref="oc-185"/>
      </symbol>
      <symbol id="sm-4f7">
         <name>_AuxAuxClkSel</name>
         <value>0x843a</value>
         <object_component_ref idref="oc-185"/>
      </symbol>
      <symbol id="sm-4f9">
         <name>_AuxIntOsc2Sel</name>
         <value>0x8424</value>
         <object_component_ref idref="oc-185"/>
      </symbol>
      <symbol id="sm-4fb">
         <name>_InitAuxPll</name>
         <value>0x82e0</value>
         <object_component_ref idref="oc-185"/>
      </symbol>
      <symbol id="sm-4fd">
         <name>_InitSysCtrl</name>
         <value>0x8000</value>
         <object_component_ref idref="oc-185"/>
      </symbol>
      <symbol id="sm-4ff">
         <name>_STANDBY</name>
         <value>0x844d</value>
         <object_component_ref idref="oc-185"/>
      </symbol>
      <symbol id="sm-501">
         <name>_AuxXtalOscSel</name>
         <value>0x842e</value>
         <object_component_ref idref="oc-185"/>
      </symbol>
      <symbol id="sm-50e">
         <name>_F28x_usDelay</name>
         <value>0x260</value>
         <object_component_ref idref="oc-11f"/>
      </symbol>
      <symbol id="sm-520">
         <name>_StoreReg_CLK</name>
         <value>0x8513</value>
         <object_component_ref idref="oc-187"/>
      </symbol>
      <symbol id="sm-522">
         <name>_ShiftReg_CLK</name>
         <value>0x8500</value>
         <object_component_ref idref="oc-187"/>
      </symbol>
      <symbol id="sm-524">
         <name>_clear_register</name>
         <value>0x84b2</value>
         <object_component_ref idref="oc-187"/>
      </symbol>
      <symbol id="sm-526">
         <name>_outPinsConfig</name>
         <value>0x84ab</value>
         <object_component_ref idref="oc-187"/>
      </symbol>
      <symbol id="sm-528">
         <name>_line_En</name>
         <value>0x8527</value>
         <object_component_ref idref="oc-187"/>
      </symbol>
      <symbol id="sm-52a">
         <name>_data_out</name>
         <value>0x856c</value>
         <object_component_ref idref="oc-187"/>
      </symbol>
      <symbol id="sm-52c">
         <name>_clockPinsInit</name>
         <value>0x84cd</value>
         <object_component_ref idref="oc-187"/>
      </symbol>
      <symbol id="sm-52e">
         <name>_outputPinsInit</name>
         <value>0x854b</value>
         <object_component_ref idref="oc-187"/>
      </symbol>
      <symbol id="sm-5a6">
         <name>_row_1_data_buf</name>
         <value>0xac35</value>
         <object_component_ref idref="oc-18f"/>
      </symbol>
      <symbol id="sm-5a7">
         <name>_row_3_data_buf</name>
         <value>0xac40</value>
         <object_component_ref idref="oc-193"/>
      </symbol>
      <symbol id="sm-5a8">
         <name>_row_5_data_buf</name>
         <value>0xac4a</value>
         <object_component_ref idref="oc-197"/>
      </symbol>
      <symbol id="sm-5a9">
         <name>_row_7_data_buf</name>
         <value>0xac54</value>
         <object_component_ref idref="oc-19b"/>
      </symbol>
      <symbol id="sm-5aa">
         <name>_row_9_data_buf</name>
         <value>0xac5e</value>
         <object_component_ref idref="oc-19f"/>
      </symbol>
      <symbol id="sm-5ab">
         <name>_main</name>
         <value>0x860a</value>
         <object_component_ref idref="oc-182"/>
      </symbol>
      <symbol id="sm-5ad">
         <name>_row_tz_data_buf</name>
         <value>0xac68</value>
         <object_component_ref idref="oc-189"/>
      </symbol>
      <symbol id="sm-5ae">
         <name>_OUTPUT</name>
         <value>0xab88</value>
         <object_component_ref idref="oc-1b1"/>
      </symbol>
      <symbol id="sm-5af">
         <name>_uart_recv_buf</name>
         <value>0xabc0</value>
         <object_component_ref idref="oc-18d"/>
      </symbol>
      <symbol id="sm-5b0">
         <name>_extractData</name>
         <value>0x863a</value>
         <object_component_ref idref="oc-182"/>
      </symbol>
      <symbol id="sm-5b2">
         <name>_row_11_data_buf</name>
         <value>0xac17</value>
         <object_component_ref idref="oc-1a3"/>
      </symbol>
      <symbol id="sm-5b3">
         <name>_row_13_data_buf</name>
         <value>0xac21</value>
         <object_component_ref idref="oc-1a7"/>
      </symbol>
      <symbol id="sm-5b4">
         <name>_row_15_data_buf</name>
         <value>0xac2b</value>
         <object_component_ref idref="oc-1ab"/>
      </symbol>
      <symbol id="sm-5b5">
         <name>_row_2_data_buf</name>
         <value>0xac3a</value>
         <object_component_ref idref="oc-191"/>
      </symbol>
      <symbol id="sm-5b6">
         <name>_row_4_data_buf</name>
         <value>0xac45</value>
         <object_component_ref idref="oc-195"/>
      </symbol>
      <symbol id="sm-5b7">
         <name>_row_6_data_buf</name>
         <value>0xac4f</value>
         <object_component_ref idref="oc-199"/>
      </symbol>
      <symbol id="sm-5b8">
         <name>_row_8_data_buf</name>
         <value>0xac59</value>
         <object_component_ref idref="oc-19d"/>
      </symbol>
      <symbol id="sm-5b9">
         <name>_flag_uart_recv</name>
         <value>0xac3f</value>
         <object_component_ref idref="oc-12b"/>
      </symbol>
      <symbol id="sm-5ba">
         <name>_row_t_data_buf</name>
         <value>0xac63</value>
         <object_component_ref idref="oc-18b"/>
      </symbol>
      <symbol id="sm-5bb">
         <name>_row_10_data_buf</name>
         <value>0xac12</value>
         <object_component_ref idref="oc-1a1"/>
      </symbol>
      <symbol id="sm-5bc">
         <name>_row_12_data_buf</name>
         <value>0xac1c</value>
         <object_component_ref idref="oc-1a5"/>
      </symbol>
      <symbol id="sm-5bd">
         <name>_row_14_data_buf</name>
         <value>0xac26</value>
         <object_component_ref idref="oc-1a9"/>
      </symbol>
      <symbol id="sm-5be">
         <name>_row_16_data_buf</name>
         <value>0xac30</value>
         <object_component_ref idref="oc-1ad"/>
      </symbol>
      <symbol id="sm-5e2">
         <name>_uart_recv_data</name>
         <value>0x8827</value>
         <object_component_ref idref="oc-188"/>
      </symbol>
      <symbol id="sm-5e4">
         <name>_uart_recv_one_byte</name>
         <value>0x8800</value>
         <object_component_ref idref="oc-188"/>
      </symbol>
      <symbol id="sm-5e6">
         <name>_msg</name>
         <value>0xabbe</value>
         <object_component_ref idref="oc-131"/>
      </symbol>
      <symbol id="sm-5e7">
         <name>_scia_echoback_init</name>
         <value>0x88a8</value>
         <object_component_ref idref="oc-188"/>
      </symbol>
      <symbol id="sm-5e9">
         <name>_scia_xmit</name>
         <value>0x88bb</value>
         <object_component_ref idref="oc-188"/>
      </symbol>
      <symbol id="sm-5eb">
         <name>_scia_msg</name>
         <value>0x88c7</value>
         <object_component_ref idref="oc-188"/>
      </symbol>
      <symbol id="sm-5ed">
         <name>_scia_fifo_init</name>
         <value>0x88da</value>
         <object_component_ref idref="oc-188"/>
      </symbol>
      <symbol id="sm-5ef">
         <name>_uart_init</name>
         <value>0x885d</value>
         <object_component_ref idref="oc-188"/>
      </symbol>
      <symbol id="sm-5f1">
         <name>_LoopCount</name>
         <value>0xabbc</value>
         <object_component_ref idref="oc-131"/>
      </symbol>
      <symbol id="sm-602">
         <name>_Example_Fail</name>
         <value>0xabb4</value>
         <object_component_ref idref="oc-139"/>
      </symbol>
      <symbol id="sm-603">
         <name>_Example_Result</name>
         <value>0xabb0</value>
         <object_component_ref idref="oc-139"/>
      </symbol>
      <symbol id="sm-604">
         <name>_Example_PassCount</name>
         <value>0xabb2</value>
         <object_component_ref idref="oc-139"/>
      </symbol>
      <symbol id="sm-621">
         <name>_SysCtl_delay</name>
         <value>0x264</value>
         <object_component_ref idref="oc-146"/>
      </symbol>
      <symbol id="sm-63c">
         <name>_c_int00</name>
         <value>0x88e2</value>
         <object_component_ref idref="oc-91"/>
      </symbol>
      <symbol id="sm-63d">
         <name>__stack</name>
         <value>0x400</value>
         <object_component_ref idref="oc-14c"/>
      </symbol>
      <symbol id="sm-64e">
         <name>FS$$DIV</name>
         <value>0x8728</value>
         <object_component_ref idref="oc-152"/>
      </symbol>
      <symbol id="sm-65d">
         <name>_copy_in</name>
         <value>0x8938</value>
         <object_component_ref idref="oc-17d"/>
      </symbol>
      <symbol id="sm-66f">
         <name>_memcpy</name>
         <value>0x895c</value>
         <object_component_ref idref="oc-181"/>
      </symbol>
      <symbol id="sm-67c">
         <name>__system_pre_init</name>
         <value>0xb7fb</value>
         <object_component_ref idref="oc-17c"/>
      </symbol>
      <symbol id="sm-68a">
         <name>__system_post_cinit</name>
         <value>0xb7fd</value>
         <object_component_ref idref="oc-17e"/>
      </symbol>
      <symbol id="sm-69f">
         <name>C$$EXIT</name>
         <value>0xb7c9</value>
         <object_component_ref idref="oc-180"/>
      </symbol>
      <symbol id="sm-6a0">
         <name>_exit</name>
         <value>0xb7cb</value>
         <object_component_ref idref="oc-180"/>
      </symbol>
      <symbol id="sm-6a2">
         <name>___TI_cleanup_ptr</name>
         <value>0xabb8</value>
         <object_component_ref idref="oc-16d"/>
      </symbol>
      <symbol id="sm-6a3">
         <name>___TI_enable_exit_profile_output</name>
         <value>0xabb6</value>
         <object_component_ref idref="oc-16d"/>
      </symbol>
      <symbol id="sm-6a4">
         <name>_abort</name>
         <value>0xb7c9</value>
         <object_component_ref idref="oc-180"/>
      </symbol>
      <symbol id="sm-6a6">
         <name>___TI_dtors_ptr</name>
         <value>0xabba</value>
         <object_component_ref idref="oc-16d"/>
      </symbol>
      <symbol id="sm-6ba">
         <name>__unlock</name>
         <value>0xac70</value>
         <object_component_ref idref="oc-1b5"/>
      </symbol>
      <symbol id="sm-6bb">
         <name>__lock</name>
         <value>0xac6e</value>
         <object_component_ref idref="oc-183"/>
      </symbol>
      <symbol id="sm-6bc">
         <name>__register_lock</name>
         <value>0xb7f6</value>
         <object_component_ref idref="oc-1af"/>
      </symbol>
      <symbol id="sm-6be">
         <name>__nop</name>
         <value>0xb7fa</value>
         <object_component_ref idref="oc-1af"/>
      </symbol>
      <symbol id="sm-6c0">
         <name>__register_unlock</name>
         <value>0xb7f2</value>
         <object_component_ref idref="oc-1af"/>
      </symbol>
      <symbol id="sm-6d0">
         <name>__args_main</name>
         <value>0x8979</value>
         <object_component_ref idref="oc-17f"/>
      </symbol>
   </symbol_table>
   <title>Link successful</title>
</link_info>
